INFO  Using log config file: jar:file:/C:/Users/leigh/Desktop/Project%20X/tools/ghidra_12.1.3_PUBLIC/Ghidra/Framework/Generic/lib/Generic.jar!/generic.log4j.xml (LoggingInitialization)  
INFO  Using log file: C:\Users\leigh\AppData\Roaming\ghidra\ghidra_12.1.3_PUBLIC\application.log (LoggingInitialization)  
INFO  Loading user preferences: C:\Users\leigh\AppData\Roaming\ghidra\ghidra_12.1.3_PUBLIC\preferences (Preferences)  
INFO  Loading previous preferences: C:\Users\leigh\AppData\Roaming\ghidra\ghidra_12.0.4_PUBLIC\preferences (Preferences)  
INFO  Searching for classes... (ClassSearcher)  
INFO  Class search complete (863 ms) (ClassSearcher)  
INFO  Initializing SSL Context (DefaultSSLContextInitializer)  
INFO  Initializing Random Number Generator... (SecureRandomFactory)  
INFO  Random Number Generator initialization complete: SHA1PRNG (SecureRandomFactory)  
INFO  Trust manager disabled, cacerts have not been set (DefaultTrustManagerFactory)  
INFO  Headless startup complete (2444 ms) (AnalyzeHeadless)  
INFO  Class searcher loaded 59 extension points (20 false positives) (ClassSearcher)  
INFO  HEADLESS Script Paths:
    C:\Users\leigh\Desktop\Project X\tools\ghidra_12.1.3_PUBLIC\Ghidra\Debug\Debugger\ghidra_scripts
    C:\Users\leigh\Desktop\Project X\tools\ghidra_12.1.3_PUBLIC\Ghidra\Processors\Atmel\ghidra_scripts
    C:\Users\leigh\Desktop\Project X\tools\ghidra_12.1.3_PUBLIC\Ghidra\Features\BytePatterns\ghidra_scripts
    C:\Users\leigh\Desktop\Project X\tools\ghidra_12.1.3_PUBLIC\Ghidra\Features\VersionTracking\ghidra_scripts
    C:\Users\leigh\Desktop\Project X\tools\ghidra_12.1.3_PUBLIC\Ghidra\Features\SystemEmulation\ghidra_scripts
    C:\Users\leigh\Desktop\Project X\tools\ghidra_12.1.3_PUBLIC\Ghidra\Features\FileFormats\ghidra_scripts
    C:\Users\leigh\Desktop\Project X\tools\ghidra_12.1.3_PUBLIC\Ghidra\Features\GnuDemangler\ghidra_scripts
    C:\Users\leigh\Desktop\Project X\tools\ghidra_12.1.3_PUBLIC\Ghidra\Features\PyGhidra\ghidra_scripts
    C:\Users\leigh\Desktop\Project X\tools\ghidra_12.1.3_PUBLIC\Ghidra\Features\Decompiler\ghidra_scripts
    C:\Users\leigh\Desktop\Project X\tools\ghidra_12.1.3_PUBLIC\Ghidra\Features\DecompilerDependent\ghidra_scripts
    C:\Users\leigh\Desktop\Project X\tools\ghidra_12.1.3_PUBLIC\Ghidra\Features\MicrosoftCodeAnalyzer\ghidra_scripts
    C:\Users\leigh\Desktop\Project X\tools\ghidra_12.1.3_PUBLIC\Ghidra\Processors\8051\ghidra_scripts
    C:\Users\leigh\Desktop\Project X\tools\ghidra_12.1.3_PUBLIC\Ghidra\Processors\DATA\ghidra_scripts
    C:\Users\leigh\Desktop\Project X\tools\ghidra_12.1.3_PUBLIC\Ghidra\Processors\JVM\ghidra_scripts
    C:\Users\leigh\Desktop\Project X\tools\ghidra_12.1.3_PUBLIC\Ghidra\Processors\PIC\ghidra_scripts
    C:\Users\leigh\Desktop\Project X\tools\ghidra_12.1.3_PUBLIC\Ghidra\Features\Base\ghidra_scripts
    C:\Users\leigh\Desktop\Project X\reclass-data\ghidra-scripts
    C:\Users\leigh\Desktop\Project X\tools\ghidra_12.1.3_PUBLIC\Ghidra\Features\WildcardAssembler\ghidra_scripts
    C:\Users\leigh\Desktop\Project X\tools\ghidra_12.1.3_PUBLIC\Ghidra\Features\PDB\ghidra_scripts
    C:\Users\leigh\Desktop\Project X\tools\ghidra_12.1.3_PUBLIC\Ghidra\Features\BSim\ghidra_scripts
    C:\Users\leigh\Desktop\Project X\tools\ghidra_12.1.3_PUBLIC\Ghidra\Features\SwiftDemangler\ghidra_scripts
    C:\Users\leigh\Desktop\Project X\tools\ghidra_12.1.3_PUBLIC\Ghidra\Debug\Debugger-rmi-trace\ghidra_scripts
    C:\Users\leigh\Desktop\Project X\tools\ghidra_12.1.3_PUBLIC\Ghidra\Features\FunctionID\ghidra_scripts (HeadlessAnalyzer)  
INFO  HEADLESS: execution starts (HeadlessAnalyzer)  
INFO  Opening existing project: C:\Users\leigh\ghidra-proj\nxt (HeadlessAnalyzer)  
INFO  Opening project: C:\Users\leigh\ghidra-proj\nxt (HeadlessProject)  
INFO  REPORT: Processing read-only project file: /rs2client.exe.950-1-vk (HeadlessAnalyzer)  
INFO  REPORT: Execute script: RS3ProjectXUpdater.java 'import' '--data-dir' 'updater_data_windows-x86_64-950-1'  (HeadlessAnalyzer)  
INFO  SCRIPT: C:\Users\leigh\Desktop\Project X\reclass-data\ghidra-scripts\RS3ProjectXUpdater.java (HeadlessAnalyzer)  
INFO  RS3ProjectXUpdater.java> RS3ProjectXUpdater mode=import apply=false version=950-1 platform=windows-x86_64 imageBase=0x0 (GhidraScript)  
INFO  RS3ProjectXUpdater.java> baseline updater_data_windows-x86_64-950-1: contributed 123 function records (GhidraScript)  
INFO  RS3ProjectXUpdater.java> functions: FOUND=117 (of which 11 were rescued from AMBIGUOUS by layout order, 0 genuinely recovered from fallback baselines) MISSING=2 AMBIGUOUS-still-unresolved=4 COLLISION-rejected=0 (GhidraScript)  
INFO  RS3ProjectXUpdater.java> lookup maps: 19333 named funcs, 8555 referenced strings (GhidraScript)  
INFO  RS3ProjectXUpdater.java> anchors: 10 skipped — scoped to the other platform (GhidraScript)  
INFO  RS3ProjectXUpdater.java> OFunctions resolved: 35/48 (3 by stamped signature) (GhidraScript)  
INFO  RS3ProjectXUpdater.java> doAction PE registration: FUN_000e2460 @ 0x000e2460 (7 action objects) (GhidraScript)  
INFO  RS3ProjectXUpdater.java> doAction PE registration: FUN_000e3390 @ 0x000e3390 (59 action objects) (GhidraScript)  
INFO  RS3ProjectXUpdater.java> doAction PE: 66 action objects, id at object+0x40 (GhidraScript)  
INFO  RS3ProjectXUpdater.java> doAction PE: stored pointers shift by 0x140000000 (all 47 callable vtables resolve) (GhidraScript)  
INFO  RS3ProjectXUpdater.java> doAction PE: invoke pointer at callable vtable slot 2, 47 direct installs, 19 clones (GhidraScript)  
INFO  RS3ProjectXUpdater.java> doAction walk: 66 of 66 constructed actions resolved a sender (GhidraScript)  
INFO  RS3ProjectXUpdater.java> NOT APPLIED (15 total): (GhidraScript)  
INFO  RS3ProjectXUpdater.java>   prototype: parse failed: Can't resolve datatype: MouseProtSenderBase * x1 (GhidraScript)  
INFO  RS3ProjectXUpdater.java>   prototype: parse failed: Can't resolve return type: eastl_fixed_string_256 * x1 (GhidraScript)  
INFO  RS3ProjectXUpdater.java>   ofunction: unresolved by name and by signature x13 (GhidraScript)  
INFO  RS3ProjectXUpdater.java>   detail -> C:\Users\leigh\Desktop\Project X\reclass-data\updater\apply_failures_950-1_windows-x86_64.tsv (GhidraScript)  
INFO  RS3ProjectXUpdater.java> withheld_fields[windows-x86_64]: 34 not carried - [OInterfaceComponent.COMPONENT_TYPE, OLocationContainer.DYNAMIC_LOCATIONS_BEGIN, OLocationContainer.DYNAMIC_LOCATIONS_END, OLocationContainer.STATIC_LOCATIONS_RBTREE_SENTINEL, OLocationContainer.STATIC_LOCATIONS_RBTREE_BEGIN, OCombinedLocationSection.RENDER_NODE, OCombinedLocationSection.RENDER_NODE_CTRL, OCombinedLocationSection.PARENT_COMBINED_LOCATION, OClient.INTERFACE_LIST, OClient.INPUT_EVENT_VIEW, OInterfaceManager.INTERFACE_LIST_PTR, OInterfaceComponent.RAW_X, OInterfaceComponent.RAW_Y, OInputEventView.KEY_BEGIN, OInputEventView.KEY_END, OMapSquare.CHUNK_SIZE_FLAG, OClient.SDL_MANAGER, OSDLManager.WINDOW, OSDLManager.SDL_WINDOW, OSDLManager.WINDOW_FLAGS_BITFIELD, OSDLWindow.WINDOW_NAME, OSDLWindow.WINDOW_DATA, OFunctions.SENDCLIENTMESSAGE, OPathingEntity.LAST_MOVESPEED, OHintTrailList.VECTOR_BEGIN, OHintTrailList.VECTOR_END, OHintTrailList.VECTOR_CAPACITY, OSpotAnimManager.POOL_START, OSpotAnimManager.POOL_END, OPathingEntity.NEXT_X_OFFSET_FINE, OPathingEntity.NEXT_Y_OFFSET_FINE, ONPC.MODEL_OVERRIDE_A, ONPC.MODEL_OVERRIDE_B, OFunctions.INPUTSTATE_ISKEYDOWN] (GhidraScript)  
INFO  RS3ProjectXUpdater.java> verified_fields[windows-x86_64]: 235 emitted, 235 struct-relative CARRIED (labelled, re-verify): [ORegionHeightContainer.PRIMARY, ORegionHeightContainer.FALLBACK, ORegionHeightContainer.READY_LO, ORegionHeightContainer.READY_HI, ORegionHeightContainer.NOT_LOADED_FLAG, ORegionHeightContainer.PLANE_VEC_BEGIN, ORegionHeightContainer.PLANE_VEC_END, ORegionHeightContainer.PLANE_STRIDE, ORegionHeightContainer.PLANE_ELEM, ORegionHeightContainer.PLANE0_BRIDGE_GRID, ORegionHeightContainer.VERTEX_COL_STRIDE, ORegionHeightContainer.VERTEX_ROW_STRIDE, ORegionHeightContainer.LINK_HEIGHT_PLANE_COUNT, ORegionHeightContainer.LINK_HEIGHT_GRID, ORegionHeightContainer.LINK_PLANE_STRIDE, ORegionHeightContainer.LINK_COL_STRIDE, ORegionHeightContainer.LINK_ROW_STRIDE, OHeightMap.GRID, OHeightMap.CELL_STRIDE, OHeightMap.CELL_CONTAINER, OHeightMap.CELL_SENTINEL, OInterfaceComponent.PARENT_SHAREDPTR, OInterfaceComponent.FLAGS, OInterfaceComponent.X_ORIGIN_MODE, OInterfaceComponent.Y_ORIGIN_MODE, OInterfaceComponent.X_ANCHOR_MODE, OInterfaceComponent.Y_ANCHOR_MODE, OInterfaceComponent.X_ORIGIN_OFFSET, OInterfaceComponent.Y_ORIGIN_OFFSET, OInterfaceComponent.ITEM_ID, OInterfaceComponent.STACK_SIZE, OInterfaceComponent.MODEL_ID, OInterfaceComponent.MODEL_OBJECT, OInterfaceComponent.SLOT_CHILDREN, OInterfaceList.START_PTR, OInterfaceList.END_PTR, OInterfaceList.CAPACITY_PTR, OInterfaceList.ENTRY_STRIDE, OInterfaceList.PARENT_OFFSET, OInterfaceParent.CHILD_ARRAY_BEGIN, OInterfaceParent.CHILD_ARRAY_END, OMiniMenu.MENU_OPEN, OVarInfo.TYPE_PTR, OVarInfo.VAR_ID, OPlayerVarDomain.HASH_TABLE, OPlayerVarDomain.VAR_ID, OPlayerVarDomain.VAR_VALUE, OClientVarDomain.VAR_ID, OClientVarDomain.VAR_VALUE, OClientVarDomain.HASH_TABLE, OObjVarDomain.ELEMENT_SIZE, OLocationContainer.ENTRY_STRIDE, OLocationContainer.ENTRY_LOCATION_PTR_OFFSET, OLocationContainer.PRIMARY_LOCATIONS_BEGIN, OLocationContainer.PRIMARY_LOCATIONS_END, OLocationContainer.MULTI_LOCATIONS_BEGIN, OLocationContainer.MULTI_LOCATIONS_END, OLocationContainer.TERTIARY_LOCATIONS_BEGIN, OLocationContainer.TERTIARY_LOCATIONS_END, OLocationContainer.DISPATCH_SLOT_TABLE_START, OLocationContainer.DISPATCH_SLOT_STRIDE, OLocationContainer.DISPATCH_SLOT_COUNT, OLocation.RENDER_NODE_CTRL, OLocation.RENDER_NODE, OLocation.VISIBLE_TYPE, OLocation.ORIGINAL_TYPE, OLocation.SHAPE, OLocation.ROTATION, OLocation.POS_X, OLocation.POS_Y, OLocation.IS_DELETED, OLocation.TYPE_ID, OLocation.HIGHLIGHT_INTENSITY, OLocation.HIGHLIGHT_CATEGORY, OLocation.SHOW_AS_IMPORTANT, OCombinedLocation.LOCATION_DATA_VECTOR, OCombinedLocation.VECTOR_ELEMENT_LOC_SHAREDPTR, OCombinedLocation.RENDER_MODEL, OCombinedLocationSection.TYPE_SHAREDPTR, OCombinedLocationSection.HIDDEN, OCombinedLocationSection.SHAPE, OCombinedLocationSection.ROTATION, OCombinedLocationSection.POS_X, OCombinedLocationSection.POS_Y, OLocationType.ID, OLocationType.SIZE_X, OLocationType.SIZE_Y, OGraphNode.DIRECTION_X, OGraphNode.DIRECTION_Y, OGraphNode.DIRECTION_Z, OGraphNode.BOUNDS_MIN_X, OGraphNode.BOUNDS_MIN_Z, OGraphNode.BOUNDS_MIN_Y, OGraphNode.BOUNDS_MAX_X, OGraphNode.BOUNDS_MAX_Z, OGraphNode.BOUNDS_MAX_Y, ORenderModel.WORLD_TRANSFORM, ORenderModel.HL_COLOR_R, ORenderModel.HL_COLOR_G, ORenderModel.HL_COLOR_B, ORenderModel.HL_BASE_ALPHA, ORenderModel.HL_STRENGTH, ORenderModel.HL_FACTOR, ORenderModel.HL_MODE, OMeshData.VERTEX_SCALE, OMeshData.INDEX_BUFFER, OMeshData.INDEX_BUFFER_END, OMeshData.VERTEX_POSITIONS, OMeshData.SKINNING_DATA, OMeshData.VERTEX_WEIGHTS, OMeshComponent.MESH_DATA, OMeshComponent.BONE_COUNT, OMeshComponent.BONE_MATRICES, OMeshComponent.BONE_ANIM_CHECK, OEntity.RENDER_MODEL, OPathingEntity.ROUTE_WAYPOINT_MANAGER, OPathingEntity.WAYPOINT_COUNT, OPathingEntity.HITMARKS_AND_HEADBARS, ONPC.CURRENT_HP, ONPC.MAX_HP, OProjectile.ID, OProjectile.LOCKON_SERVER_INDEX, OSpotAnim.ID, OLoggedInPlayer.TARGET_INDEX, OLoggedInPlayer.TARGET_TYPE, OInputHandler.SLOT_BASE, OInputHandler.LMOUSE_DOWN, OInputHandler.LMOUSE_UP, OInputHandler.MMOUSE_UP, OInputHandler.RMOUSE_DOWN, OInputHandler.RMOUSE_UP, OInputHandler.MOUSE_WHEEL, OInputHandler.KEY_DOWN, OInputHandler.KEY_UP, OInputHandler.KEY_CHAR, OInputHandler.SIZE, OInput.CLIENT, OInput.CONSOLE_KEY_HELD, OInput.SIZE, OItemStack.ITEM_VECTOR, OItemStack.ITEM_VECTOR_ELEM_SIZE, OItemStack.ITEM_ID, OItemStack.ITEM_AMOUNT, OItemStackNode.LEFT, OItemStackNode.RIGHT, OItemStackNode.PARENT, OItemStackNode.POS_PLANE, OItemStackNode.POS_X, OItemStackNode.POS_Y, OItemStackNode.ITEM_STACK, OItemStackList.RB_TREE_BASE, OInventory.INVENTORY_ID, OInventory.INVENTORY_ITEMS, OInventory.OBJ_VAR_DOMAINS, OInventory.OBJ_VAR_DOMAIN_STRIDE, OInventory.OBJ_VAR_DOMAIN_FIELD, OHintArrow.TARGET_POS_VEC3, OHintArrow.TARGET_ENTITY_SHARED_PTR, OConnectionManager.GAME_CONNECTION, OConnectionManager.LOGIN_CONNECTION, OConnectionManager.HANDLE_STATE, OClient.CAMERA, OClient.ITEMSTACK_LIST, OClient.SPOTANIM_MANAGER, OClient.HINTTRAIL_LIST, OMainLogicManager.CLIENT_VAR_DOMAIN, OMapSquare.MAPSQUARE_X, OMapSquare.MAPSQUARE_Y, OMapSquare.COMPOSITE_DATA_COUNTER, OMapSquare.COMPOSITE_DATA, OSpotAnimManager.VTABLE, OSpotAnimManager.CLIENT_REF, OSpotAnimManager.FIRST_NODE, OSpotAnimManager.LIST_SIZE, OSpotAnimNode.NEXT, OSpotAnimNode.VALUE, ORenderModel.MESH_COMPONENTS, OLocation.IS_HIDDEN, OHintTrailList.SLOT_ARRAY, OHintTrailList.SLOT_COUNT, OGraphNode.FRAME_COUNT, OGraphNode.DEPTH, OPathingEntity.INTERACTING_NPC_SID, OPathingEntity.FINE_POS_X, OPathingEntity.FINE_POS_Y, OPathingEntity.FINE_POS_Z, OPathingEntity.MOVE_TARGET_X, OPathingEntity.MOVE_TARGET_Y, OPathingEntity.MOVE_TARGET_Z, OMeshData.SKINNED_VERTEX_DATA, OSpotAnim.CREATED_CLIENTCYCLE, OSpotAnimManager.POOL_FREE_LIST_HEAD, OSpotAnimManager.POOL_BUMP_CURSOR, OSpotAnimManager.POOL_BUMP_LIMIT, OSpotAnimManager.POOL_ELEMENT_STRIDE, OEntity.ANIMATION_SHARED_PTR, OEntity.ANIM_IDS_BEGIN, OEntity.ANIM_IDS_END, OEntity.ANIMATION_ID, ONPC.RENDER_ANIM, OClient.SCENE_MANAGER, OClient.BUILD_AREA_VECTOR, OMainLogicManager.STAT_TABLE, OClient.NPC_MANAGER, OWorld.VIEW_MATRIX, OWorld.ROOT_GRAPH_NODE, OAnimation.ID, OClientProt.CLIENT, OClientProt.EVENT_MOUSE_SENDER, OClientProt.NATIVE_MOUSE_SENDER, OClientProt.LAST_KEY_EVENT_TIME, OMouseProtSender.VTABLE, OMouseProtSender.CLIENT, OMouseProtSender.LAST_SENT_X, OMouseProtSender.LAST_SENT_Y, OMouseProtSender.LAST_MOVE_SAMPLE_TIME, OMouseProtSender.LAST_CLICK_SAMPLE_TIME, OMainLogicManager.MOVE_BUFFER_CAPACITY, OMainLogicManager.MOVE_ENTRY_SIZE, OKeyEvent.KEY_ID, OKeyEvent.CHAR_CODE, OKeyEvent.RAW_KEY_CODE, OKeyEvent.REPEAT, OKeyEvent.MODIFIER_MASK, OKeyEvent.TIMESTAMP_MS, OKeyEvent.SIZE, OHintTrailList.SLOT_ARRAY, ONPC.CURRENT_HP, ONPC.MAX_HP, OHintTrail.POINT_FINE_X, OHintTrail.POINT_FINE_HEIGHT, OHintTrail.POINT_FINE_Y, OHintArrowList.ARROW_SLOTS, OHintArrowList.POINTER_SLOTS, OHintArrowList.DESCRIPTORS] (GhidraScript)  
INFO  RS3ProjectXUpdater.java> WARN: Offsets.kt not found at C:\Users\leigh\Desktop\Project X\client-plugin-engine\src\kotlin\com\projectx\game\nxt\Offsets.kt; table-key checking falls back to the tables (GhidraScript)  
INFO  RS3ProjectXUpdater.java> doActions: 66 emitted from the walk; parity baseline is null with 0 action(s) (GhidraScript)  
INFO  RS3ProjectXUpdater.java> offsets JSON -> C:\Users\leigh\Desktop\Project X\reclass-data\updater\offsets\preview-windows-x86_64-950-1.json (269 added, 8 updated, 0 UNRESOLVED omitted) (GhidraScript)  
INFO  RS3ProjectXUpdater.java> ---- residual (DRY-RUN preview) ---- (GhidraScript)  
INFO  RS3ProjectXUpdater.java> unresolved subjects: 22 -> C:\Users\leigh\Desktop\Project X\reclass-data\updater\residual_950-1_windows-x86_64.tsv (GhidraScript)  
INFO  RS3ProjectXUpdater.java> IMPORT complete (DRY-RUN, no DB writes). Outputs in C:\Users\leigh\Desktop\Project X\reclass-data\updater (GhidraScript)  

WARNING: A terminally deprecated method in sun.misc.Unsafe has been called
WARNING: sun.misc.Unsafe::staticFieldOffset has been called by org.apache.felix.framework.util.SecureAction (file:/C:/Users/leigh/Desktop/Project%20X/tools/ghidra_12.1.3_PUBLIC/Ghidra/Features/Base/lib/org.apache.felix.framework-7.0.5.jar)
WARNING: Please consider reporting this to the maintainers of class org.apache.felix.framework.util.SecureAction
WARNING: sun.misc.Unsafe::staticFieldOffset will be removed in a future release
